version=4
ftp://gcc.gnu.org/pub/gcc/snapshots/(15-[\d]+)/ \
        gcc-15-([\d\.]+)\.tar\.xz debian uupdate
